// Vitest Snapshot v1, https://vitest.dev/guide/snapshot.html

exports[`Phổ quát — mọi endpoint (test-catalog §2.2) > inventory: chụp TẬP route, không phải số lượng > route-inventory 1`] = `
[
  "DELETE /api/v1/admin/ops/cache/:tenantId",
  "DELETE /api/v1/approval-authorities/:id",
  "DELETE /api/v1/business-calendar/holidays/:id",
  "DELETE /api/v1/favorite-items/:entity/:entityId",
  "DELETE /api/v1/me/sessions/:id",
  "DELETE /api/v1/orders/:id",
  "DELETE /api/v1/org-units/:id",
  "DELETE /api/v1/products/:id",
  "DELETE /api/v1/roles/:id",
  "DELETE /api/v1/saved-views/:id",
  "DELETE /api/v1/users/:id/sessions",
  "GET /api/v1/admin/ops/health",
  "GET /api/v1/admin/ops/queues",
  "GET /api/v1/admin/tenants",
  "GET /api/v1/announcements/active",
  "GET /api/v1/approval-authorities",
  "GET /api/v1/approval-authorities/check",
  "GET /api/v1/audit-logs",
  "GET /api/v1/business-calendar",
  "GET /api/v1/business-calendar/add-working-days",
  "GET /api/v1/business-calendar/working-minutes",
  "GET /api/v1/customers",
  "GET /api/v1/favorite-items",
  "GET /api/v1/files/:id",
  "GET /api/v1/files/by-entity/:entity/:entityId",
  "GET /api/v1/health",
  "GET /api/v1/import-jobs/:id",
  "GET /api/v1/import-jobs/:id/errors",
  "GET /api/v1/inventory/balances",
  "GET /api/v1/inventory/warehouses",
  "GET /api/v1/me",
  "GET /api/v1/me/preferences",
  "GET /api/v1/me/sessions",
  "GET /api/v1/notifications",
  "GET /api/v1/notifications/preferences",
  "GET /api/v1/notifications/unread-count",
  "GET /api/v1/orders",
  "GET /api/v1/orders/:id",
  "GET /api/v1/org-units",
  "GET /api/v1/permissions",
  "GET /api/v1/products",
  "GET /api/v1/products/:id",
  "GET /api/v1/recent-items",
  "GET /api/v1/reports",
  "GET /api/v1/reports/:id/meta",
  "GET /api/v1/roles",
  "GET /api/v1/saved-views",
  "GET /api/v1/search",
  "GET /api/v1/settings",
  "GET /api/v1/tenants/current",
  "GET /api/v1/users",
  "GET /api/v1/users/:id",
  "GET /api/v1/users/:id/sessions",
  "GET /api/v1/webhooks/deliveries",
  "GET /api/v1/webhooks/endpoints",
  "PATCH /api/v1/admin/tenants/:id/features",
  "PATCH /api/v1/me/preferences",
  "PATCH /api/v1/orders/:id",
  "PATCH /api/v1/org-units/:id",
  "PATCH /api/v1/products/:id",
  "PATCH /api/v1/roles/:id",
  "PATCH /api/v1/saved-views/:id",
  "PATCH /api/v1/settings",
  "PATCH /api/v1/tenants/current/branding",
  "PATCH /api/v1/users/:id",
  "POST /api/v1/admin/ops/announcements",
  "POST /api/v1/admin/ops/maintenance-windows",
  "POST /api/v1/admin/ops/queues/:name/retry-failed",
  "POST /api/v1/admin/tenants",
  "POST /api/v1/admin/tenants/:id/activate",
  "POST /api/v1/admin/tenants/:id/suspend",
  "POST /api/v1/approval-authorities",
  "POST /api/v1/auth/accept-invitation",
  "POST /api/v1/auth/forgot-password",
  "POST /api/v1/auth/login",
  "POST /api/v1/auth/logout",
  "POST /api/v1/auth/refresh",
  "POST /api/v1/auth/reset-password",
  "POST /api/v1/auth/switch-tenant",
  "POST /api/v1/business-calendar/holidays",
  "POST /api/v1/customers",
  "POST /api/v1/exports/products",
  "POST /api/v1/files/confirm",
  "POST /api/v1/files/presign",
  "POST /api/v1/inventory/issues",
  "POST /api/v1/inventory/lots",
  "POST /api/v1/inventory/receipts",
  "POST /api/v1/inventory/serials",
  "POST /api/v1/inventory/warehouses",
  "POST /api/v1/notifications/:id/read",
  "POST /api/v1/notifications/read-all",
  "POST /api/v1/orders",
  "POST /api/v1/orders/:id/approve",
  "POST /api/v1/orders/:id/cancel",
  "POST /api/v1/orders/:id/reject",
  "POST /api/v1/orders/:id/submit",
  "POST /api/v1/orders/bulk-approve",
  "POST /api/v1/orders/export",
  "POST /api/v1/org-units",
  "POST /api/v1/products",
  "POST /api/v1/products/export",
  "POST /api/v1/products/import",
  "POST /api/v1/reports/:id/export",
  "POST /api/v1/reports/:id/run",
  "POST /api/v1/roles",
  "POST /api/v1/saved-views",
  "POST /api/v1/users/:id/disable",
  "POST /api/v1/users/:id/offboard",
  "POST /api/v1/users/:id/roles",
  "POST /api/v1/users/:id/transfer-org",
  "POST /api/v1/users/:id/unlock",
  "POST /api/v1/users/invite",
  "POST /api/v1/webhooks/deliveries/:id/replay",
  "POST /api/v1/webhooks/endpoints",
  "POST /api/v1/webhooks/endpoints/:id/enable",
  "POST /api/v1/webhooks/endpoints/:id/rotate-secret",
  "POST /api/v1/webhooks/endpoints/:id/subscriptions",
  "PUT /api/v1/favorite-items",
  "PUT /api/v1/notifications/preferences",
  "PUT /api/v1/recent-items",
]
`;
